2026-08-11 12:18:48,429 - INFO - Customer Insights pipeline started.
2026-08-11 12:18:48,502 - INFO - Customer and review analysis completed successfully.
2026-08-11 12:19:01,790 - INFO - Excel report created successfully.
2026-08-11 12:19:13,584 - INFO - Email sent successfully.
2026-08-11 12:19:13,584 - INFO - Customer Insights pipeline completed successfully.
2026-08-12 03:58:46,173 - INFO - Customer Insights pipeline started.
2026-08-12 03:58:46,888 - INFO - Customer and review analysis completed successfully.
2026-08-12 03:59:02,013 - INFO - Excel report created successfully.
2026-08-12 03:59:18,199 - INFO - Email sent successfully.
2026-08-12 03:59:18,200 - INFO - Customer Insights pipeline completed successfully.
2026-08-12 04:48:14,906 - INFO - Customer Insights pipeline started.
2026-08-12 04:48:15,233 - INFO - Customer and review analysis completed successfully.
2026-08-12 04:48:29,921 - INFO - Excel report created successfully.
2026-08-12 04:48:46,083 - INFO - Email sent successfully.
2026-08-12 04:48:46,083 - INFO - Customer Insights pipeline completed successfully.
2026-08-12 15:43:45,697 - INFO - Customer Insights pipeline started.
2026-08-12 15:43:47,497 - INFO - Customer and review analysis completed successfully.
2026-08-12 15:44:12,781 - INFO - Excel report created successfully.
2026-08-12 15:44:25,502 - INFO - Email sent successfully.
2026-08-12 15:44:25,502 - INFO - Customer Insights pipeline completed successfully.
2026-08-14 15:09:05,208 - INFO - Customer Insights pipeline started.
2026-08-14 15:09:06,169 - INFO - Customer and review analysis completed successfully.
2026-08-14 15:09:19,578 - INFO - Excel report created successfully.
2026-08-14 15:09:43,583 - INFO - Email sent successfully.
2026-08-14 15:09:43,583 - INFO - Customer Insights pipeline completed successfully.
2026-08-14 22:02:25,854 - INFO - Customer Insights pipeline started.
2026-08-14 22:02:26,535 - INFO - Customer and review analysis completed successfully.
2026-08-14 22:02:39,076 - INFO - Excel report created successfully.
2026-08-14 22:02:39,306 - INFO - Email sent successfully.
2026-08-14 22:02:39,306 - INFO - Customer Insights pipeline completed successfully.
2026-08-14 22:38:02,280 - INFO - Customer Insights pipeline started.
2026-08-14 22:38:02,672 - INFO - Customer and review analysis completed successfully.
2026-08-14 22:38:13,377 - INFO - Excel report created successfully.
2026-08-14 22:38:31,124 - INFO - Email sent successfully.
2026-08-14 22:38:31,124 - INFO - Customer Insights pipeline completed successfully.
2026-08-15 07:57:35,919 - INFO - Customer Insights pipeline started.
2026-08-15 07:57:37,932 - INFO - Customer and review analysis completed successfully.
2026-08-15 07:58:00,804 - INFO - Excel report created successfully.
2026-08-15 07:58:19,438 - INFO - Email sent successfully.
2026-08-15 07:58:19,439 - INFO - Customer Insights pipeline completed successfully.
2026-08-15 22:10:32,770 - INFO - Customer Insights pipeline started.
2026-08-15 22:10:33,983 - INFO - Customer and review analysis completed successfully.
2026-08-15 22:10:49,555 - INFO - Excel report created successfully.
2026-08-15 22:10:53,032 - INFO - Email sent successfully.
2026-08-15 22:10:53,032 - INFO - Customer Insights pipeline completed successfully.
2026-08-15 22:16:43,254 - INFO - Customer Insights pipeline started.
2026-08-15 22:16:43,580 - INFO - Customer and review analysis completed successfully.
2026-08-15 22:16:53,834 - INFO - Excel report created successfully.
2026-08-15 22:17:11,581 - INFO - Email sent successfully.
2026-08-15 22:17:11,582 - INFO - Customer Insights pipeline completed successfully.
2026-08-17 09:24:41,493 - INFO - Customer Insights pipeline started.
2026-08-17 09:24:43,127 - INFO - Customer and review analysis completed successfully.
2026-08-17 09:25:08,067 - INFO - Excel report created successfully.
2026-08-17 09:25:48,305 - INFO - Email sent successfully.
2026-08-17 09:25:48,306 - INFO - Customer Insights pipeline completed successfully.
2026-08-17 10:47:04,607 - INFO - Customer Insights pipeline started.
2026-08-17 10:47:04,941 - INFO - Customer and review analysis completed successfully.
2026-08-17 10:47:17,182 - INFO - Excel report created successfully.
2026-08-17 10:47:52,664 - INFO - Email sent successfully.
2026-08-17 10:47:52,664 - INFO - Customer Insights pipeline completed successfully.
